# Events
Agent:       session_started: False
Agent:         user_prompted: Hello
Agent:   assistant_responded: Assistant response
Agent:        assistant_said: Assistant response
Agent: user_prompt_requested: 
Agent:         user_prompted: Follow-up message
Agent:   assistant_responded: Assistant response
Agent:        assistant_said: Assistant response
Agent: user_prompt_requested: 
Agent:         session_ended: 

# Saved messages:
user: Hello
assistant: Assistant response
user: Follow-up message
assistant: Assistant response
