# Standard out:
Starting new session

Agent: 🛠️ cat hello.txt

Press Enter to continue or type a message to add: 

# Saved messages:
user: Hello
assistant: 🛠️ cat hello.txt
user: Follow-up message
