# Events
Agent:       session_started: False
Agent:         user_prompted: Hello
Agent:   assistant_responded: 🛠️ cat hello.txt
Agent:           tool_called: Agent::tool_call::1 🛠️ cat hello.txt
Agent:   session_interrupted: 
Agent: user_prompt_requested: 
Agent:         user_prompted: Follow-up message
Agent:   assistant_responded: 🛠️ complete-task summary
Agent:           tool_called: Agent::tool_call::2 🛠️ complete-task summary
Agent:           tool_result: Agent::tool_call::2 summary
Agent: user_prompt_requested: 
Agent:         session_ended: 

# Saved messages:
user: Hello
assistant: 🛠️ cat hello.txt
user: Follow-up message
assistant: 🛠️ complete-task summary
