# Standard out:
Starting new session

Agent: 🛠️ subagent say hello

       Subagent: hello

       Press Enter to continue or type a message to add: 

       Subagent: 🛠️ complete-task I successfully said hello

       I successfully said hello

# Saved messages:
user: Create a subagent that says hello
assistant: 🛠️ subagent say hello
user: Result of 🛠️ subagent
I successfully said hello
