# Standard out:
Starting new session

Claude: /ls /tmp/test_path
.
..
file1.txt
file2.py
subdir

# Saved messages:
user: Test message
assistant: /ls /tmp/test_path
user: .
..
file1.txt
file2.py
subdir
