# Events
Agent:       session_started: False
Agent: user_prompt_requested: 
Agent:         user_prompted: Hello
Agent:        assistant_said: 🛠️ cat hello.txt
Agent: user_prompt_requested: 
Agent:         user_prompted: Follow-up message
Agent:        assistant_said: 🛠️ complete-task summary
Agent:           tool_called: 🛠️ complete-task summary
Agent:           tool_result: summary
Agent: user_prompt_requested: 
Agent:         session_ended: 

# Standard out:
Starting new session

Agent: 🛠️ cat hello.txt

Press Enter to continue or type a message to add: 

Agent: 🛠️ complete-task summary

       summary

Press Enter to continue or type a message to add: 

Exiting...

# Saved messages:
user: Hello
assistant: 🛠️ cat hello.txt
user: Follow-up message
assistant: 🛠️ complete-task summary
