# Standard out:
Starting new session

Agent: 🛠️ bash echo hello

       hello


# Saved messages:
user: use bash
assistant: 🛠️ bash echo hello
user: Result of 🛠️ bash
hello
