# Standard out:
Starting new session

Agent: 🛠️ subagent say hello

       Subagent: hello

       Press Enter to continue or type a message to add: 

       Subagent: 🛠️ complete-task I successfully said hello

       Press Enter to continue or type a message to add: 

       I successfully said hello

Agent: goodbye

Press Enter to continue or type a message to add: 

# Saved messages:
user: Create a subagent that says hello, then say goodbye
assistant: 🛠️ subagent say hello
user: Result of 🛠️ subagent say hello
I successfully said hello
assistant: goodbye
