Command:
/cat /tmp/test_path/file.txt

Result:
STDERR: cat: /tmp/test_path/file.txt: No such file or directory
