Command:
🛠️ cat /tmp/test_path/test.txt

Result:
     1	Hello world
     2	Second line
     3	Third line
