Command:
🛠️ cat /tmp/test_path/test.txt 100-200

Result:
