Command:
🛠️ cat '/tmp/test_path with spaces.txt'

Result:
     1	line 1
     2	line 2
