Command:
🛠️ cat /tmp/test_path/multiple_lines_test.txt 1-3

Result:
     1	first line content
     2	second line
     3	third line
