Command:
🛠️ cat /tmp/test_path/range_test.txt 5-10

Result:
     5	Line 5 content
     6	Line 6 content
     7	Line 7 content
     8	Line 8 content
     9	Line 9 content
    10	Line 10 content
