Command:
🛠️ create-file readme.txt Hello World

Result:
Created file: readme.txt with content

File created: readme.txt
File content:
--- FILE CONTENT START ---
Hello World
--- FILE CONTENT END ---
