Command:
üõ†Ô∏è create-file multi.txt "Line 1\nLine 2"

Result:
Created file: multi.txt with content

File created: multi.txt
File content:
--- FILE CONTENT START ---
Line 1
Line 2
--- FILE CONTENT END ---
