Command:
üõ†Ô∏è create-file config.json {"name": "test"}

Result:
Created file: config.json with content

File created: config.json
File content:
--- FILE CONTENT START ---
{"name": "test"}
--- FILE CONTENT END ---
