Command:
🛠️ create-file test.txt

Result:
Created empty file: test.txt

File created: test.txt
File content:
--- FILE CONTENT START ---

--- FILE CONTENT END ---
