Command:
üõ†Ô∏è create-file empty.txt ""

Result:
Created file: empty.txt with content

File created: empty.txt
File content:
--- FILE CONTENT START ---

--- FILE CONTENT END ---
