Command:
üõ†Ô∏è edit-file test.txt insert 3 line3

Result:
Successfully edited test.txt

Initial file: test.txt
Initial content:
--- INITIAL CONTENT START ---
line1
line2
--- INITIAL CONTENT END ---

File after edit: test.txt
Final content:
--- FINAL CONTENT START ---
line1
line2
line3

--- FINAL CONTENT END ---
