Command:
üõ†Ô∏è edit-file empty.txt 0-0 line1\nline2

Result:
Successfully edited empty.txt, lines 0-0

Initial file: empty.txt
Initial content:
--- INITIAL CONTENT START ---

--- INITIAL CONTENT END ---

File after edit: empty.txt
Final content:
--- FINAL CONTENT START ---
line1
line2

--- FINAL CONTENT END ---
