Command:
üõ†Ô∏è edit-file test.txt replace 5-7
replacement

Result:
Successfully edited test.txt

Initial file: test.txt
Initial content:
--- INITIAL CONTENT START ---
line1
line2
--- INITIAL CONTENT END ---

File after edit: test.txt
Final content:
--- FINAL CONTENT START ---
line1
line2


replacement
--- FINAL CONTENT END ---
