Command:
üõ†Ô∏è edit-file test.txt insert 2
inserted_line1
inserted_line2

Result:
Successfully edited test.txt

--- test.txt (original)
+++ test.txt (updated)
@@ -1,2 +1,4 @@
 line1
+inserted_line1
+inserted_line2
 line2

Initial file: test.txt
Initial content:
--- INITIAL CONTENT START ---
line1
line2

--- INITIAL CONTENT END ---

File after edit: test.txt
Final content:
--- FINAL CONTENT START ---
line1
inserted_line1
inserted_line2
line2

--- FINAL CONTENT END ---
