Command:
üõ†Ô∏è edit-file test.txt replace 1-1
new

Result:
Successfully edited test.txt

--- test.txt (original)
+++ test.txt (updated)
@@ -1 +1 @@
-old
\ No newline at end of file
+new
\ No newline at end of file

Initial file: test.txt
Initial content:
--- INITIAL CONTENT START ---
old
--- INITIAL CONTENT END ---

File after edit: test.txt
Final content:
--- FINAL CONTENT START ---
new
--- FINAL CONTENT END ---
