Command:
üõ†Ô∏è edit-file empty.txt insert 1 line1
line2

Result:
Successfully edited empty.txt

Initial file: empty.txt
Initial content:
--- INITIAL CONTENT START ---

--- INITIAL CONTENT END ---

File after edit: empty.txt
Final content:
--- FINAL CONTENT START ---
line1
line2
--- FINAL CONTENT END ---
