Command:
üõ†Ô∏è edit-file test.txt delete 2-10

Result:
Successfully edited test.txt

--- test.txt (original)
+++ test.txt (updated)
@@ -1,3 +1 @@
 line1
-line2
-line3

Initial file: test.txt
Initial content:
--- INITIAL CONTENT START ---
line1
line2
line3

--- INITIAL CONTENT END ---

File after edit: test.txt
Final content:
--- FINAL CONTENT START ---
line1

--- FINAL CONTENT END ---
