Command:
üõ†Ô∏è edit-file test.txt replace 1-1 b

Result:
Successfully edited test.txt, lines 1-1

Initial file: test.txt
Initial content:
--- INITIAL CONTENT START ---
a
--- INITIAL CONTENT END ---

File after edit: test.txt
Final content:
--- FINAL CONTENT START ---
b
--- FINAL CONTENT END ---
