Command:
üõ†Ô∏è patch-file test.txt "@@ -3,1 +3,3 @@
 Final line
+New line 6
+New line 7"

Result:
Successfully applied patch to test.txt

Initial file: test.txt
Initial content:
--- INITIAL CONTENT START ---
Line 1
Line 2
Final line
--- INITIAL CONTENT END ---

File after patch: test.txt
Final content:
--- FINAL CONTENT START ---
Line 1
Line 2
Final line
New line 6
New line 7
--- FINAL CONTENT END ---
