# Events
Agent:       session_started: False
Agent:         user_prompted: Create a subagent that says hello, then say goodbye
Agent:   assistant_responded: 🛠️ subagent coding say hello
Agent:           tool_called: 🛠️ subagent coding say hello
Agent/Subagent2:         user_prompted: say hello
Agent/Subagent2:   assistant_responded: hello
🛠️ complete-task I successfully said hello
Agent/Subagent2:        assistant_said: hello
Agent/Subagent2:           tool_called: 🛠️ complete-task I successfully said hello
Agent/Subagent2:           tool_result: I successfully said hello
Agent/Subagent2: user_prompt_requested: 
Agent/Subagent2:         session_ended: 
Agent:           tool_result: I successfully said hello
Agent:   assistant_responded: goodbye
Agent:        assistant_said: goodbye
Agent: user_prompt_requested: 
Agent:         session_ended: 

# Saved messages:
user: Create a subagent that says hello, then say goodbye
assistant: 🛠️ subagent coding say hello
user: Result of 🛠️ subagent coding say hello
I successfully said hello
assistant: goodbye
