Command:
üõ†Ô∏è WriteTodos ## Todo
- Item 1

## Doing
- Work in progress

## Done
- Completed

Result:
Updated TODOS

File content:
--- FILE CONTENT START ---
## Todo
- Item 1

## Doing
- Work in progress

## Done
- Completed
--- FILE CONTENT END ---
